C:\Program Files\dotnet\sdk\10.0.200\Microsoft.Common.CurrentVersion.targets(3456,5): error MSB3823: Non-string resources require the property GenerateResourceUsePreserializedResources to be set to true. [D:\Repos\Shmerrick\ProjectWAR\ServerLauncher\ServerLauncher.csproj]
C:\Program Files\dotnet\sdk\10.0.200\Microsoft.Common.CurrentVersion.targets(3456,5): error MSB3822: Non-string resources require the System.Resources.Extensions assembly at runtime, but it was not found in this project's references. [D:\Repos\Shmerrick\ProjectWAR\ServerLauncher\ServerLauncher.csproj]
C:\Program Files\dotnet\sdk\10.0.200\Microsoft.Common.CurrentVersion.targets(3456,5): error MSB3823: Non-string resources require the property GenerateResourceUsePreserializedResources to be set to true. [D:\Repos\Shmerrick\ProjectWAR\Launcher\Launcher.csproj]
C:\Program Files\dotnet\sdk\10.0.200\Microsoft.Common.CurrentVersion.targets(3456,5): error MSB3822: Non-string resources require the System.Resources.Extensions assembly at runtime, but it was not found in this project's references. [D:\Repos\Shmerrick\ProjectWAR\Launcher\Launcher.csproj]
C:\Program Files\dotnet\sdk\10.0.200\Microsoft.Common.CurrentVersion.targets(3456,5): error MSB3823: Non-string resources require the property GenerateResourceUsePreserializedResources to be set to true. [D:\Repos\Shmerrick\ProjectWAR\Launcher\Launcher.csproj]
C:\Program Files\dotnet\sdk\10.0.200\Microsoft.Common.CurrentVersion.targets(3456,5): error MSB3822: Non-string resources require the System.Resources.Extensions assembly at runtime, but it was not found in this project's references. [D:\Repos\Shmerrick\ProjectWAR\Launcher\Launcher.csproj]
D:\Repos\Shmerrick\ProjectWAR\WorldServer\Managers\BotManager.cs(23,56): error CS8370: Feature 'coalescing assignment' is not available in C# 7.3. Please use language version 8.0 or greater. [D:\Repos\Shmerrick\ProjectWAR\WorldServer\WorldServer.csproj]
D:\Repos\Shmerrick\ProjectWAR\WorldServer\Managers\Commands\BotCommands.cs(21,17): error CS0246: The type or namespace name 'Realms' could not be found (are you missing a using directive or an assembly reference?) [D:\Repos\Shmerrick\ProjectWAR\WorldServer\WorldServer.csproj]
D:\Repos\Shmerrick\ProjectWAR\WorldServer\Managers\Commands\BotCommands.cs(21,33): error CS0246: The type or namespace name 'Realms' could not be found (are you missing a using directive or an assembly reference?) [D:\Repos\Shmerrick\ProjectWAR\WorldServer\WorldServer.csproj]
D:\Repos\Shmerrick\ProjectWAR\WorldServer\Managers\BotManager.cs(62,43): error CS1501: No overload for method 'GetCharacter' takes 1 arguments [D:\Repos\Shmerrick\ProjectWAR\WorldServer\WorldServer.csproj]
D:\Repos\Shmerrick\ProjectWAR\WorldServer\Managers\BotManager.cs(66,65): error CS0117: 'CharacterIdentityCatalog' does not contain a definition for 'CareerLineRecords' [D:\Repos\Shmerrick\ProjectWAR\WorldServer\WorldServer.csproj]
D:\Repos\Shmerrick\ProjectWAR\WorldServer\Managers\BotManager.cs(80,21): error CS0117: 'Character' does not contain a definition for 'Level' [D:\Repos\Shmerrick\ProjectWAR\WorldServer\WorldServer.csproj]
D:\Repos\Shmerrick\ProjectWAR\WorldServer\Managers\BotManager.cs(81,21): error CS0117: 'Character' does not contain a definition for 'RenownRank' [D:\Repos\Shmerrick\ProjectWAR\WorldServer\WorldServer.csproj]
D:\Repos\Shmerrick\ProjectWAR\WorldServer\Managers\BotManager.cs(94,62): error CS1061: 'AccountMgr' does not contain a definition for 'Server' and no accessible extension method 'Server' accepting a first argument of type 'AccountMgr' could be found (are you missing a using directive or an assembly reference?) [D:\Repos\Shmerrick\ProjectWAR\WorldServer\WorldServer.csproj]
D:\Repos\Shmerrick\ProjectWAR\WorldServer\Managers\BotManager.cs(150,23): error CS0122: 'Group.SetMainAssist(Player)' is inaccessible due to its protection level [D:\Repos\Shmerrick\ProjectWAR\WorldServer\WorldServer.csproj]
D:\Repos\Shmerrick\ProjectWAR\WorldServer\Managers\BotManager.cs(158,114): error CS1061: 'Point3D' does not contain a definition for 'O' and no accessible extension method 'O' accepting a first argument of type 'Point3D' could be found (are you missing a using directive or an assembly reference?) [D:\Repos\Shmerrick\ProjectWAR\WorldServer\WorldServer.csproj]
D:\Repos\Shmerrick\ProjectWAR\WorldServer\Managers\BotManager.cs(160,69): error CS1503: Argument 2: cannot convert from 'bool' to 'ushort' [D:\Repos\Shmerrick\ProjectWAR\WorldServer\WorldServer.csproj]
D:\Repos\Shmerrick\ProjectWAR\WorldServer\Managers\BotManager.cs(257,47): error CS1061: 'BotLoadoutManager.Loadout' does not contain a definition for 'Items' and no accessible extension method 'Items' accepting a first argument of type 'BotLoadoutManager.Loadout' could be found (are you missing a using directive or an assembly reference?) [D:\Repos\Shmerrick\ProjectWAR\WorldServer\WorldServer.csproj]
D:\Repos\Shmerrick\ProjectWAR\WorldServer\Managers\BotManager.cs(265,39): error CS8370: Feature 'recursive patterns' is not available in C# 7.3. Please use language version 8.0 or greater. [D:\Repos\Shmerrick\ProjectWAR\WorldServer\WorldServer.csproj]
D:\Repos\Shmerrick\ProjectWAR\WorldServer\Managers\BotManager.cs(265,153): error CS8370: Feature 'recursive patterns' is not available in C# 7.3. Please use language version 8.0 or greater. [D:\Repos\Shmerrick\ProjectWAR\WorldServer\WorldServer.csproj]
D:\Repos\Shmerrick\ProjectWAR\WorldServer\Managers\BotManager.cs(267,23): error CS8370: Feature 'recursive patterns' is not available in C# 7.3. Please use language version 8.0 or greater. [D:\Repos\Shmerrick\ProjectWAR\WorldServer\WorldServer.csproj]
D:\Repos\Shmerrick\ProjectWAR\WorldServer\Managers\BotManager.cs(268,17): error CS8370: Feature 'relational pattern' is not available in C# 7.3. Please use language version 9.0 or greater. [D:\Repos\Shmerrick\ProjectWAR\WorldServer\WorldServer.csproj]
D:\Repos\Shmerrick\ProjectWAR\WorldServer\Managers\BotManager.cs(269,17): error CS8370: Feature 'relational pattern' is not available in C# 7.3. Please use language version 9.0 or greater. [D:\Repos\Shmerrick\ProjectWAR\WorldServer\WorldServer.csproj]
D:\Repos\Shmerrick\ProjectWAR\WorldServer\Managers\BotManager.cs(270,17): error CS8370: Feature 'relational pattern' is not available in C# 7.3. Please use language version 9.0 or greater. [D:\Repos\Shmerrick\ProjectWAR\WorldServer\WorldServer.csproj]
D:\Repos\Shmerrick\ProjectWAR\WorldServer\Managers\BotManager.cs(271,17): error CS8370: Feature 'relational pattern' is not available in C# 7.3. Please use language version 9.0 or greater. [D:\Repos\Shmerrick\ProjectWAR\WorldServer\WorldServer.csproj]
D:\Repos\Shmerrick\ProjectWAR\WorldServer\Managers\BotManager.cs(272,17): error CS8370: Feature 'recursive patterns' is not available in C# 7.3. Please use language version 8.0 or greater. [D:\Repos\Shmerrick\ProjectWAR\WorldServer\WorldServer.csproj]
D:\Repos\Shmerrick\ProjectWAR\WorldServer\Managers\BotManager.cs(278,25): error CS8370: Feature 'recursive patterns' is not available in C# 7.3. Please use language version 8.0 or greater. [D:\Repos\Shmerrick\ProjectWAR\WorldServer\WorldServer.csproj]
D:\Repos\Shmerrick\ProjectWAR\WorldServer\Managers\BotManager.cs(278,70): error CS8370: Feature 'recursive patterns' is not available in C# 7.3. Please use language version 8.0 or greater. [D:\Repos\Shmerrick\ProjectWAR\WorldServer\WorldServer.csproj]
D:\Repos\Shmerrick\ProjectWAR\WorldServer\Managers\DynamicBotManager.cs(17,63): error CS8370: Feature 'coalescing assignment' is not available in C# 7.3. Please use language version 8.0 or greater. [D:\Repos\Shmerrick\ProjectWAR\WorldServer\WorldServer.csproj]
D:\Repos\Shmerrick\ProjectWAR\WorldServer\Managers\DynamicBotManager.cs(119,42): error CS0103: The name 'ScenarioService' does not exist in the current context [D:\Repos\Shmerrick\ProjectWAR\WorldServer\WorldServer.csproj]
D:\Repos\Shmerrick\ProjectWAR\WorldServer\World\AI\BotBrain.cs(127,47): error CS0246: The type or namespace name 'Realms' could not be found (are you missing a using directive or an assembly reference?) [D:\Repos\Shmerrick\ProjectWAR\WorldServer\WorldServer.csproj]
D:\Repos\Shmerrick\ProjectWAR\WorldServer\Managers\Commands\CommandDeclarations.cs(85,43): error CS1503: Argument 2: cannot convert from 'method group' to 'WorldServer.Managers.Commands.GmCommandHandler.GmComHandler' [D:\Repos\Shmerrick\ProjectWAR\WorldServer\WorldServer.csproj]

Build FAILED.
    0 Warning(s)
    32 Error(s)

Time Elapsed 00:00:03.85
